06:53:09 PM:DEBUG [logger_base.py:16] Mensaje a nivel debug
06:53:09 PM:INFO [logger_base.py:17] Mensaje a nivel info
06:53:09 PM:WARNING [logger_base.py:18] Mensaje a nivel warning
06:53:09 PM:ERROR [logger_base.py:19] Mensaje a nivel error
06:53:09 PM:CRITICAL [logger_base.py:20] Mensaje a nivel critical
07:36:03 PM:DEBUG [Persona.py:54] 
            Id Persona: 1,
            Nombre: Juan,
            Apellido: Perez,
            Email: jperez@gmail.com
        
07:39:04 PM:DEBUG [Persona.py:54] 
            Id Persona: 1,
            Nombre: Juan,
            Apellido: Perez,
            Email: jperez@gmail.com
        
07:41:15 PM:DEBUG [Persona.py:54] 
            Id Persona: 1,
            Nombre: Juan,
            Apellido: Perez,
            Email: jperez@gmail.com
        
07:41:15 PM:DEBUG [Persona.py:56] 
            Id Persona: Jose,
            Nombre: Lepez,
            Apellido: ljose@gmail.com,
            Email: None
        
07:42:05 PM:DEBUG [Persona.py:54] 
            Id Persona: 1,
            Nombre: Juan,
            Apellido: Perez,
            Email: jperez@gmail.com
        
07:42:05 PM:DEBUG [Persona.py:56] 
            Id Persona: None,
            Nombre: Jose,
            Apellido: Lepez,
            Email: ljose@gmail.com
        
07:43:53 PM:DEBUG [Persona.py:54] 
            Id Persona: 1,
            Nombre: Juan,
            Apellido: Perez,
            Email: jperez@gmail.com
        
07:43:53 PM:DEBUG [Persona.py:56] 
            Id Persona: None,
            Nombre: Jose,
            Apellido: Lepez,
            Email: ljose@gmail.com
        
07:43:53 PM:DEBUG [Persona.py:58] 
            Id Persona: 1,
            Nombre: None,
            Apellido: None,
            Email: None
        
11:21:21 AM:DEBUG [conexion.py:26] Conexión Exitosa: <connection object at 0x7b451caa8180; dsn: 'user=ariel password=xxx dbname=test_bd host=127.0.0.1 port=5432', closed: 0>
11:23:06 AM:ERROR [conexion.py:29] Ocurrio un error: connection to server at "127.0.0.1", port 5432 failed: FATAL:  la autentificación password falló para el usuario «arie»
connection to server at "127.0.0.1", port 5432 failed: FATAL:  la autentificación password falló para el usuario «arie»

11:24:08 AM:DEBUG [conexion.py:26] Conexión Exitosa: <connection object at 0x7a8f5474c2c0; dsn: 'user=ariel password=xxx dbname=test_bd host=127.0.0.1 port=5432', closed: 0>
11:24:08 AM:ERROR [conexion.py:42] Ocurrio un error: 'NoneType' object has no attribute 'cursor'
11:26:24 AM:DEBUG [conexion.py:26] Conexión Exitosa: <connection object at 0x72843234c2c0; dsn: 'user=ariel password=xxx dbname=test_bd host=127.0.0.1 port=5432', closed: 0>
11:26:24 AM:ERROR [conexion.py:42] Ocurrio un error: 'NoneType' object has no attribute 'cursor'
11:26:47 AM:DEBUG [conexion.py:26] Conexión Exitosa: <connection object at 0x75526194c2c0; dsn: 'user=ariel password=xxx dbname=test_bd host=127.0.0.1 port=5432', closed: 0>
11:26:47 AM:DEBUG [conexion.py:39] Se abrió correctamente el cursor: <cursor object at 0x7552619522f0; closed: 0>
